// Jest Snapshot v1, https://goo.gl/fbAQLP

exports[`SearchIndex Action: SEARCH_UPDATE_RESULTS / Use-case: searchName -- successfully search
        up a term, get results, and put it in the state 1`] = `
Array [
  Object {
    "contents": Array [
      "80760",
    ],
    "iconId": "80760",
    "name": "My Only Love",
  },
  Object {
    "contents": Array [
      "82532",
    ],
    "iconId": "82532",
    "name": "Only Love",
  },
  Object {
    "contents": Array [
      "87908",
    ],
    "iconId": "87908",
    "name": "In Love",
  },
  Object {
    "contents": Array [
      11655,
      21442,
      84187,
      84188,
      84190,
      90244,
    ],
    "iconId": 21442,
    "isSuit": true,
    "name": "Magic of Love (Suit)",
    "posed": true,
    "variation": "1",
  },
  Object {
    "contents": Array [
      11655,
      21441,
      60678,
      71470,
      90244,
      84186,
      84187,
      84188,
      84189,
    ],
    "iconId": 21441,
    "isSuit": true,
    "name": "Magic of Love (Suit)",
    "posed": false,
    "variation": "0",
  },
  Object {
    "contents": Array [
      11295,
      21097,
      60517,
      71160,
      82744,
      82745,
      82746,
    ],
    "iconId": 21097,
    "isSuit": true,
    "name": "Murmuring Love (Suit)",
    "posed": false,
    "variation": "0",
  },
  Object {
    "contents": Array [
      11255,
      21053,
      71118,
      82580,
      82581,
    ],
    "iconId": 21053,
    "isSuit": true,
    "name": "War and Love (Suit)",
    "posed": false,
    "variation": "1",
  },
  Object {
    "contents": Array [
      11257,
      21055,
      71119,
      82582,
      82583,
    ],
    "iconId": 21055,
    "isSuit": true,
    "name": "War and Love (Suit)",
    "posed": false,
    "variation": "2",
  },
  Object {
    "contents": Array [
      11254,
      21052,
      71117,
      82578,
    ],
    "iconId": 21052,
    "isSuit": true,
    "name": "War and Love (Suit)",
    "posed": true,
    "variation": "3",
  },
  Object {
    "contents": Array [
      11254,
      21051,
      71117,
      82578,
      82579,
    ],
    "iconId": 21051,
    "isSuit": true,
    "name": "War and Love (Suit)",
    "posed": false,
    "variation": "0",
  },
  Object {
    "contents": Array [
      10771,
      20644,
      70701,
      81143,
      80992,
      81145,
      81146,
    ],
    "iconId": 20644,
    "isSuit": true,
    "name": "Rule of Love (Suit)",
    "posed": false,
    "variation": "1",
  },
  Object {
    "contents": Array [
      10721,
      20605,
      70656,
      80991,
      80992,
      80993,
      80994,
    ],
    "iconId": 20605,
    "isSuit": true,
    "name": "Rule of Love (Suit)",
    "posed": false,
    "variation": "0",
  },
  Object {
    "contents": Array [
      10745,
      20626,
      60294,
      70680,
      81071,
      81072,
      81073,
    ],
    "iconId": 20626,
    "isSuit": true,
    "name": "Crown of Love (Suit)",
    "posed": false,
    "variation": "0",
  },
]
`;
