// Jest Snapshot v1, https://goo.gl/fbAQLP

exports[`search module Action: SEARCH_UPDATE_RESULTS / Use-case: searchName -- successfully search
  up a term, get results, and put it in the state - DEFAULT SORT (RELEVANCE) 1`] = `
Array [
  Object {
    "contents": Array [
      83979,
      83980,
      21398,
      71431,
      11609,
      83981,
    ],
    "displayName": "Years of Love (Suit)",
    "iconId": 21398,
    "isSuit": true,
    "key": "21398-Years of Love (Suit)-0",
    "posed": false,
    "variation": "0",
  },
  Object {
    "contents": Array [
      70678,
      81065,
      20624,
      60292,
      10743,
      81066,
      81067,
    ],
    "displayName": "Sweet Love (Suit)",
    "iconId": 20624,
    "isSuit": true,
    "key": "20624-Sweet Love (Suit)-0",
    "posed": false,
    "variation": "0",
  },
  Object {
    "contents": Array [
      60524,
      82799,
      40575,
      50531,
      82802,
      82803,
      82800,
      82801,
      11313,
    ],
    "displayName": "Shamala’s Love (Suit)",
    "iconId": 40575,
    "isSuit": true,
    "key": "40575-Shamala’s Love (Suit)-0",
    "posed": false,
    "variation": "0",
  },
  Object {
    "contents": Array [
      80991,
      80992,
      20605,
      70656,
      10721,
      80993,
      80994,
    ],
    "displayName": "Rule of Love (Suit)",
    "iconId": 20605,
    "isSuit": true,
    "key": "20605-Rule of Love (Suit)-0",
    "posed": false,
    "variation": "0",
  },
  Object {
    "contents": Array [
      81143,
      80992,
      20644,
      70701,
      10771,
      81145,
      81146,
    ],
    "displayName": "Rule of Love (Suit)",
    "iconId": 20644,
    "isSuit": true,
    "key": "20644-Rule of Love (Suit)-1",
    "posed": false,
    "variation": "1",
  },
  Object {
    "contents": Array [
      71160,
      82744,
      21097,
      60517,
      11295,
      82745,
      82746,
    ],
    "displayName": "Murmuring Love (Suit)",
    "iconId": 21097,
    "isSuit": true,
    "key": "21097-Murmuring Love (Suit)-0",
    "posed": false,
    "variation": "0",
  },
  Object {
    "contents": Array [
      71470,
      84186,
      21441,
      60678,
      84189,
      90244,
      84187,
      84188,
      11655,
    ],
    "displayName": "Magic of Love (Suit)",
    "iconId": 21441,
    "isSuit": true,
    "key": "21441-Magic of Love (Suit)-0",
    "posed": false,
    "variation": "0",
  },
  Object {
    "contents": Array [
      84188,
      84190,
      21442,
      84187,
      11655,
      90244,
    ],
    "displayName": "Magic of Love (Posed Suit)",
    "iconId": 21442,
    "isSuit": true,
    "key": "21442-Magic of Love (Posed Suit)-1",
    "posed": true,
    "variation": "1",
  },
  Object {
    "contents": Array [
      81176,
      81177,
      20652,
      70715,
      10786,
      81182,
      90049,
    ],
    "displayName": "For the vows of love (Suit)",
    "iconId": 20652,
    "isSuit": true,
    "key": "20652-For the vows of love (Suit)-0",
    "posed": false,
    "variation": "0",
  },
  Object {
    "contents": Array [
      70680,
      81071,
      20626,
      60294,
      10745,
      81072,
      81073,
    ],
    "displayName": "Crown of Love (Suit)",
    "iconId": 20626,
    "isSuit": true,
    "key": "20626-Crown of Love (Suit)-0",
    "posed": false,
    "variation": "0",
  },
  Object {
    "contents": Array [
      80768,
      80769,
      20537,
      70583,
      10638,
      80770,
      60249,
    ],
    "displayName": "Childlike Love (Suit)",
    "iconId": 20537,
    "isSuit": true,
    "key": "20537-Childlike Love (Suit)-0",
    "posed": false,
    "variation": "0",
  },
  Object {
    "contents": Array [
      83598,
      83599,
      21292,
      71338,
      11501,
      83600,
    ],
    "displayName": "Aroma of Love Letter (Suit)",
    "iconId": 21292,
    "isSuit": true,
    "key": "21292-Aroma of Love Letter (Suit)-0",
    "posed": false,
    "variation": "0",
  },
  Object {
    "contents": Array [
      83601,
      11502,
      21293,
      83599,
    ],
    "displayName": "Aroma of Love Letter (Posed Suit)",
    "iconId": 21293,
    "isSuit": true,
    "key": "21293-Aroma of Love Letter (Posed Suit)-1",
    "posed": true,
    "variation": "1",
  },
]
`;

exports[`search module By default, if there are no filters, use simple search with name 1`] = `
FilterSet {
  "filters": Array [
    Filter {
      "checkboxIsChecked": true,
      "filterType": "userInput",
      "filterValue": "name",
      "id": "filter-70qihg",
      "selectType": "only",
      "selections": Array [],
      "userInputContains": true,
      "userInputValue": "",
    },
  ],
  "id": "filterSet-6rco55",
  "operator": "and",
}
`;

exports[`search module By default, if there are no filters, use simple search with name 2`] = `
Array [
  Object {
    "contents": Array [
      60984,
      71980,
      22025,
      30996,
      86912,
      86913,
      86910,
      86911,
      90429,
      12277,
      86915,
      86914,
    ],
    "displayName": "The Legend of Light (Suit)",
    "iconId": 22025,
    "isSuit": true,
    "key": "22025-The Legend of Light (Suit)-0",
    "posed": false,
    "variation": "0",
  },
  Object {
    "contents": Array [
      86911,
      86912,
      22026,
      86910,
      86918,
      90429,
      86916,
      86917,
      12278,
    ],
    "displayName": "The Legend of Light (Posed Suit)",
    "iconId": 22026,
    "isSuit": true,
    "key": "22026-The Legend of Light (Posed Suit)-1",
    "posed": true,
    "variation": "1",
  },
  Object {
    "contents": Array [
      "22026",
    ],
    "displayName": "The Legend of Light",
    "iconId": "22026",
    "key": "22026-The Legend of Light",
  },
]
`;

exports[`search module By default, return all items if there is no maxResults 1`] = `
Array [
  "S1391",
  "S601",
  "S1104",
  "S556",
  "S556-1",
  "S1097",
  "S1413",
  "S1413-1",
  "S636",
  "S596",
  "S494",
  "S1290",
  "S1290-1",
  "S1749",
  "S1749-1",
  "S1782",
  "S1021",
  "S1021-1",
  "S1308",
  "S1308-1",
  "S1429",
  "S1429-1",
  "S1748",
  "S1748-1",
  "S1074",
  "S1074-1",
  "S1074-2",
  "S1074-3",
  "S2041",
  "S2041-1",
  "S2041-2",
  "I21893",
  "I82058",
  "I21646",
  "I90085",
  "I11255",
  "I50608",
  "I11628",
  "I86682",
  "I71613",
  "I70780",
  "I20623",
  "I10721",
  "I71569",
  "I70774",
  "I88541",
  "I11401",
  "I11387",
  "I71121",
  "I40527",
  "I90130",
  "I90127",
  "I71118",
  "I85202",
  "I86015",
  "I21053",
  "I20982",
  "I83590",
  "I84774",
  "I11313",
  "I82581",
  "I83509",
  "I40562",
  "I21672",
  "I11879",
  "I80039",
  "I83741",
  "I83743",
  "I83742",
  "I83744",
  "I85282",
  "I84063",
  "I81630",
  "I12095",
  "I86078",
  "I20808",
  "I60101",
  "I82532",
  "I21220",
  "I86570",
  "I60506",
  "I84080",
  "I80760",
  "I86081",
  "I83428",
  "I10513",
  "I81535",
  "I70581",
  "I30470",
  "I87908",
  "I87911",
  "I71215",
  "I87102",
  "I82059",
  "I50521",
  "I83938",
  "I21786",
  "I60201",
  "I71524",
  "I60603",
  "I21321",
  "I21052",
  "I80073",
  "I10454",
  "I70682",
  "I21622",
  "I11276",
  "I21077",
  "I84993",
  "I86352",
  "I70715",
  "I90119",
  "I81673",
  "I85475",
  "I50514",
  "I50682",
  "I85181",
  "I70711",
  "I87654",
  "I30425",
  "I88543",
  "I82580",
  "I82464",
  "I82489",
  "I85342",
  "I21648",
  "I11386",
  "I82650",
  "I84303",
  "I85404",
  "I60301",
  "I83991",
  "I82056",
  "I30356",
  "I70716",
  "I83232",
  "I83237",
  "I83252",
  "I83242",
  "I83247",
  "I90120",
  "I11110",
  "I86634",
  "I84187",
  "I81943",
  "I21012",
  "I82700",
  "I82661",
  "I70690",
  "I82664",
  "I90039",
  "I87830",
  "I71277",
  "I20054",
  "I20055",
  "I90244",
  "I81533",
  "I12464",
  "I50491",
  "I50492",
  "I21280",
  "I80406",
  "I22178",
  "I22177",
  "I83397",
  "I20644",
  "I70701",
  "I81143",
  "I81146",
  "I81145",
  "I10771",
  "I80404",
  "I21969",
  "I60762",
  "I82287",
  "I84751",
  "I88542",
  "I81071",
  "I81068",
  "I81104",
  "I21087",
  "I10787",
  "I72026",
  "I90312",
  "I20712",
  "I83139",
  "I82657",
  "I83937",
  "I81653",
  "I83779",
  "I60170",
  "I20652",
  "I82223",
  "I20537",
  "I21906",
  "I12488",
  "I22099",
  "I21322",
  "I30139",
  "I21852",
  "I22176",
]
`;
